00E3,00E3,COMMENT,MONSTK
00F0,00F0,COMMENT,DIGADD
00F4,00F4,COMMENT,SYSSWI
FC00,FC00,COMMENT,RESET
FC06,FC0B,DATA,"CPU UP"
FC15,FC15,COMMENT,RESE1
FC19,FC19,COMMENT,MAIN
FC21,FC21,COMMENT,MAIN1
FC31,FC31,COMMENT,MAIN2
FC45,FC45,COMMENT,ZERO
FC46,FC46,COMMENT,BKSET
FC4D,FC4D,COMMENT,BKSE1
FC57,FC57,COMMENT,BKSE2
FC65,FC65,COMMENT,BKSE3
FC6F,FC6F,COMMENT,DOPMT
FC75,FC75,COMMENT,DOPMI
FC7E,FC7E,COMMENT,ADDR
FC86,FC86,COMMENT,OUTSTA
FC8C,FC8C,COMMENT,DO
FC96,FC96,COMMENT,RESUME
FC9B,FC9B,COMMENT,RES1
FCA3,FCA3,COMMENT,RES2
FCA8,FCA8,COMMENT,RES3
FCBC,FCBC,COMMENT,REDIS
FCC6,FCC6,COMMENT,BADDR
FCCE,FCCE,COMMENT,BKPT
FCD7,FCD7,COMMENT,BKP1
FCE1,FCE1,COMMENT,BKP2
FCE6,FCE6,COMMENT,BKP3
FCF0,FCF0,COMMENT,BKP4
FCF9,FCF9,COMMENT,MEM
FD07,FD07,COMMENT,MEM2
FD0A,FD0A,COMMENT,AJTO
FD0C,FD0C,COMMENT,AUT1
FD13,FD13,COMMENT,EXAM
FD16,FD16,COMMENT,FOWD
FD18,FD18,COMMENT,BACK
FD1B,FD1B,COMMENT,REPLAC
FD24,FD24,COMMENT,REPL1
FD25,FD25,COMMENT,PROMPT
FD29,FD29,COMMENT,PROM1
FD33,FD33,COMMENT,PROM2
FD3E,FD3E,COMMENT,PROMS
FD43,FD43,COMMENT,BKSP
FD46,FD46,COMMENT,BKSP1
FD4F,FD4F,COMMENT,REGX
FD55,FD55,COMMENT,REGA
FD5D,FD5D,COMMENT,REGB
FD65,FD65,COMMENT,REGP
FD6D,FD6D,COMMENT,REGAL
FD6E,FD6E,COMMENT,REGB1
FD73,FD73,COMMENT,REG1
FD7B,FD7B,COMMENT,DSPLAY
FD7C,FD7C,COMMENT,DIS1
FD87,FD87,COMMENT,DIS2
FD8C,FD8C,COMMENT,OUTSTJ
FD8D,FD8D,COMMENT,OUTSTO
FD93,FD93,COMMENT,CONDX
FD9A,FD9A,COMMENT,COND0
FDA8,FDA8,COMMENT,REGS
FDA8,FDA8,COMMENT,STKPTR
FDBB,FDBB,COMMENT,ENCODE
FDE4,FDE4,COMMENT,ENC1
FDE7,FDE7,COMMENT,ENC2
FDED,FDED,COMMENT,ENCS
FDEE,FDEE,COMMENT,ENC4
FDF4,FDF4,COMMENT,INCH
FDF5,FDF5,COMMENT,INC1
FDF7,FDF7,COMMENT,INC2
FDFE,FDFE,COMMENT,INC3
FE00,FE00,COMMENT,INC4
FE09,FE09,COMMENT,1HB
FE1A,FE1A,COMMENT,IHB1
FE20,FE20,COMMENT,OUTBYT
FE28,FE28,COMMENT,OUTHEX
FE30,FE30,COMMENT,OUTH1
FE37,FE37,COMMENT,JSRH1
FE3A,FE3A,COMMENT,OUTCH
FE3C,FE3C,COMMENT,OUT0
FE43,FE43,COMMENT,OUT1
FE50,FE50,COMMENT,OUTST1
FE52,FE52,COMMENT,OUTSTR
FE57,FE57,COMMENT,OUTSTS
FE62,FE62,COMMENT,STEP
FE6B,FE6B,COMMENT,SSTEP
FE83,FE83,COMMENT,BYTCNT
FE88,FE88,COMMENT,BYT1
FE8F,FE8F,COMMENT,BYT2
FE9F,FE9F,COMMENT,BYTS
FEB1,FEB1,COMMENT,BYT4
FEB3,FEB3,COMMENT,BYTS
FEB4,FEB4,COMMENT,BYT6
FEB5,FEB5,COMMENT,BYT7
FEBC,FEBC,COMMENT,STEP1
FEC6,FEC6,COMMENT,STEP2
FEC8,FEC8,COMMENT,STEPS
FED1,FED1,COMMENT,SRCHOP
FEFC,FEFC,COMMENT,SWIVE1
FF05,FF05,COMMENT,SSRET
FF18,FF18,COMMENT,PLUS
FF1B,FF1B,COMMENT,BCHNTK
FF25,FF25,COMMENT,STOX
FF27,FF27,COMMENT,BSTRD
FF2A,FF2A,COMMENT,BSRH
FF30,FF30,COMMENT,JSRH
FF41,FF41,COMMENT,JPXH
FF48,FF48,COMMENT,JMPH
FF4A,FF4A,COMMENT,NEWPC
FF50,FF50,COMMENT,RTSH
FF54,FF54,COMMENT,RTS1
FF5E,FF5E,COMMENT,RTIH
FF64,FF64,COMMENT,SWIH
FF76,FF95,DATA,"LEGAL OP-CODE LOOKUP TABLE"
FF96,FFA5,DATA,"HEX DISPLAY CODE TABLE"
FFA6,FFB5,DATA,"KEY VALUE TABLE"
FFB6,FFF7,DATA,"COMMAND HANDLER ENTRY POINT TABLE"
FFF8,FFFF,DATA,"INTERRUPT VECTORS"